[0.266s] Invoking command in '/home/rajana/GSoC/my_robot_ws/build/my_robot': CMAKE_PREFIX_PATH=${CMAKE_PREFIX_PATH}:/opt/ros/humble /usr/bin/cmake --build /home/rajana/GSoC/my_robot_ws/build/my_robot -- -j8 -l8
[0.847s] Invoked command in '/home/rajana/GSoC/my_robot_ws/build/my_robot' returned '0': CMAKE_PREFIX_PATH=${CMAKE_PREFIX_PATH}:/opt/ros/humble /usr/bin/cmake --build /home/rajana/GSoC/my_robot_ws/build/my_robot -- -j8 -l8
[0.876s] Invoking command in '/home/rajana/GSoC/my_robot_ws/build/my_robot': CMAKE_PREFIX_PATH=${CMAKE_PREFIX_PATH}:/opt/ros/humble /usr/bin/cmake --install /home/rajana/GSoC/my_robot_ws/build/my_robot
[0.915s] -- Install configuration: ""
[0.940s] -- Execute custom install script
[0.960s] -- Up-to-date symlink: /home/rajana/GSoC/my_robot_ws/install/my_robot/share/my_robot//launch/gz.launch.py
[0.961s] -- Up-to-date symlink: /home/rajana/GSoC/my_robot_ws/install/my_robot/share/my_robot//launch/my_robot_gz_spawn.launch.py
[0.961s] -- Up-to-date symlink: /home/rajana/GSoC/my_robot_ws/install/my_robot/share/my_robot//launch/rviz.launch.py
[0.962s] -- Up-to-date symlink: /home/rajana/GSoC/my_robot_ws/install/my_robot/share/my_robot//meshes/kinect/d415.dae
[0.962s] -- Up-to-date symlink: /home/rajana/GSoC/my_robot_ws/install/my_robot/share/my_robot//meshes/kinect/kinect.dae
[0.963s] -- Up-to-date symlink: /home/rajana/GSoC/my_robot_ws/install/my_robot/share/my_robot//meshes/kinect/kinect.jpg
[0.963s] -- Up-to-date symlink: /home/rajana/GSoC/my_robot_ws/install/my_robot/share/my_robot//meshes/kinect/kinect.tga
[0.963s] -- Up-to-date symlink: /home/rajana/GSoC/my_robot_ws/install/my_robot/share/my_robot//meshes/my_robot_mesh.dae
[0.964s] -- Up-to-date symlink: /home/rajana/GSoC/my_robot_ws/install/my_robot/share/my_robot//meshes/realsense_texture.png
[0.968s] -- Up-to-date symlink: /home/rajana/GSoC/my_robot_ws/install/my_robot/share/my_robot//models/aws_robomaker_warehouse_Bucket_01/.DS_Store
[0.969s] -- Up-to-date symlink: /home/rajana/GSoC/my_robot_ws/install/my_robot/share/my_robot//models/aws_robomaker_warehouse_Bucket_01/materials/.DS_Store
[0.969s] -- Up-to-date symlink: /home/rajana/GSoC/my_robot_ws/install/my_robot/share/my_robot//models/aws_robomaker_warehouse_Bucket_01/materials/textures/aws_robomaker_warehouse_Bucket_01.png
[0.969s] -- Up-to-date symlink: /home/rajana/GSoC/my_robot_ws/install/my_robot/share/my_robot//models/aws_robomaker_warehouse_Bucket_01/meshes/aws_robomaker_warehouse_Bucket_01_collision.DAE
[0.970s] -- Up-to-date symlink: /home/rajana/GSoC/my_robot_ws/install/my_robot/share/my_robot//models/aws_robomaker_warehouse_Bucket_01/meshes/aws_robomaker_warehouse_Bucket_01_visual.DAE
[0.970s] -- Up-to-date symlink: /home/rajana/GSoC/my_robot_ws/install/my_robot/share/my_robot//models/aws_robomaker_warehouse_Bucket_01/model.config
[0.970s] -- Up-to-date symlink: /home/rajana/GSoC/my_robot_ws/install/my_robot/share/my_robot//models/aws_robomaker_warehouse_Bucket_01/model.sdf
[0.970s] -- Up-to-date symlink: /home/rajana/GSoC/my_robot_ws/install/my_robot/share/my_robot//models/aws_robomaker_warehouse_ClutteringA_01/.DS_Store
[0.971s] -- Up-to-date symlink: /home/rajana/GSoC/my_robot_ws/install/my_robot/share/my_robot//models/aws_robomaker_warehouse_ClutteringA_01/materials/.DS_Store
[0.971s] -- Up-to-date symlink: /home/rajana/GSoC/my_robot_ws/install/my_robot/share/my_robot//models/aws_robomaker_warehouse_ClutteringA_01/materials/textures/.DS_Store
[0.971s] -- Up-to-date symlink: /home/rajana/GSoC/my_robot_ws/install/my_robot/share/my_robot//models/aws_robomaker_warehouse_ClutteringA_01/materials/textures/aws_robomaker_warehouse_ClutteringA_01.png
[0.972s] -- Up-to-date symlink: /home/rajana/GSoC/my_robot_ws/install/my_robot/share/my_robot//models/aws_robomaker_warehouse_ClutteringA_01/materials/textures/aws_robomaker_warehouse_ClutteringA_02.png
[0.972s] -- Up-to-date symlink: /home/rajana/GSoC/my_robot_ws/install/my_robot/share/my_robot//models/aws_robomaker_warehouse_ClutteringA_01/materials/textures/aws_robomaker_warehouse_ClutteringA_03.png
[0.972s] -- Up-to-date symlink: /home/rajana/GSoC/my_robot_ws/install/my_robot/share/my_robot//models/aws_robomaker_warehouse_ClutteringA_01/meshes/aws_robomaker_warehouse_ClutteringA_01_collision.DAE
[0.973s] -- Up-to-date symlink: /home/rajana/GSoC/my_robot_ws/install/my_robot/share/my_robot//models/aws_robomaker_warehouse_ClutteringA_01/meshes/aws_robomaker_warehouse_ClutteringA_01_visual.DAE
[0.973s] -- Up-to-date symlink: /home/rajana/GSoC/my_robot_ws/install/my_robot/share/my_robot//models/aws_robomaker_warehouse_ClutteringA_01/model.config
[0.973s] -- Up-to-date symlink: /home/rajana/GSoC/my_robot_ws/install/my_robot/share/my_robot//models/aws_robomaker_warehouse_ClutteringA_01/model.sdf
[0.974s] -- Up-to-date symlink: /home/rajana/GSoC/my_robot_ws/install/my_robot/share/my_robot//models/aws_robomaker_warehouse_ClutteringC_01/materials/textures/aws_robomaker_warehouse_ClutteringC_01.png
[0.974s] -- Up-to-date symlink: /home/rajana/GSoC/my_robot_ws/install/my_robot/share/my_robot//models/aws_robomaker_warehouse_ClutteringC_01/materials/textures/aws_robomaker_warehouse_ClutteringC_02.png
[0.974s] -- Up-to-date symlink: /home/rajana/GSoC/my_robot_ws/install/my_robot/share/my_robot//models/aws_robomaker_warehouse_ClutteringC_01/meshes/aws_robomaker_warehouse_ClutteringC_01_collision.DAE
[0.975s] -- Up-to-date symlink: /home/rajana/GSoC/my_robot_ws/install/my_robot/share/my_robot//models/aws_robomaker_warehouse_ClutteringC_01/meshes/aws_robomaker_warehouse_ClutteringC_01_visual.DAE
[0.975s] -- Up-to-date symlink: /home/rajana/GSoC/my_robot_ws/install/my_robot/share/my_robot//models/aws_robomaker_warehouse_ClutteringC_01/model.config
[0.975s] -- Up-to-date symlink: /home/rajana/GSoC/my_robot_ws/install/my_robot/share/my_robot//models/aws_robomaker_warehouse_ClutteringC_01/model.sdf
[0.975s] -- Up-to-date symlink: /home/rajana/GSoC/my_robot_ws/install/my_robot/share/my_robot//models/aws_robomaker_warehouse_ClutteringD_01/materials/textures/aws_robomaker_warehouse_ClutteringD_01.png
[0.976s] -- Up-to-date symlink: /home/rajana/GSoC/my_robot_ws/install/my_robot/share/my_robot//models/aws_robomaker_warehouse_ClutteringD_01/materials/textures/aws_robomaker_warehouse_ClutteringD_02.png
[0.976s] -- Up-to-date symlink: /home/rajana/GSoC/my_robot_ws/install/my_robot/share/my_robot//models/aws_robomaker_warehouse_ClutteringD_01/meshes/aws_robomaker_warehouse_ClutteringD_01_collision.DAE
[0.976s] -- Up-to-date symlink: /home/rajana/GSoC/my_robot_ws/install/my_robot/share/my_robot//models/aws_robomaker_warehouse_ClutteringD_01/meshes/aws_robomaker_warehouse_ClutteringD_01_visual.DAE
[0.976s] -- Up-to-date symlink: /home/rajana/GSoC/my_robot_ws/install/my_robot/share/my_robot//models/aws_robomaker_warehouse_ClutteringD_01/model.config
[0.976s] -- Up-to-date symlink: /home/rajana/GSoC/my_robot_ws/install/my_robot/share/my_robot//models/aws_robomaker_warehouse_ClutteringD_01/model.sdf
[0.976s] -- Up-to-date symlink: /home/rajana/GSoC/my_robot_ws/install/my_robot/share/my_robot//models/aws_robomaker_warehouse_DeskC_01/materials/.DS_Store
[0.977s] -- Up-to-date symlink: /home/rajana/GSoC/my_robot_ws/install/my_robot/share/my_robot//models/aws_robomaker_warehouse_DeskC_01/materials/textures/aws_robomaker_warehouse_DeskC_01.png
[0.977s] -- Up-to-date symlink: /home/rajana/GSoC/my_robot_ws/install/my_robot/share/my_robot//models/aws_robomaker_warehouse_DeskC_01/materials/textures/aws_robomaker_warehouse_DeskC_02.png
[0.977s] -- Up-to-date symlink: /home/rajana/GSoC/my_robot_ws/install/my_robot/share/my_robot//models/aws_robomaker_warehouse_DeskC_01/materials/textures/aws_robomaker_warehouse_DeskC_03.png
[0.977s] -- Up-to-date symlink: /home/rajana/GSoC/my_robot_ws/install/my_robot/share/my_robot//models/aws_robomaker_warehouse_DeskC_01/materials/textures/aws_robomaker_warehouse_DeskC_03.psd
[0.978s] -- Up-to-date symlink: /home/rajana/GSoC/my_robot_ws/install/my_robot/share/my_robot//models/aws_robomaker_warehouse_DeskC_01/materials/textures/aws_robomaker_warehouse_DeskC_04.png
[0.978s] -- Up-to-date symlink: /home/rajana/GSoC/my_robot_ws/install/my_robot/share/my_robot//models/aws_robomaker_warehouse_DeskC_01/meshes/aws_robomaker_warehouse_DeskC_01_collision.DAE
[0.978s] -- Up-to-date symlink: /home/rajana/GSoC/my_robot_ws/install/my_robot/share/my_robot//models/aws_robomaker_warehouse_DeskC_01/meshes/aws_robomaker_warehouse_DeskC_01_visual.DAE
[0.978s] -- Up-to-date symlink: /home/rajana/GSoC/my_robot_ws/install/my_robot/share/my_robot//models/aws_robomaker_warehouse_DeskC_01/model.config
[0.978s] -- Up-to-date symlink: /home/rajana/GSoC/my_robot_ws/install/my_robot/share/my_robot//models/aws_robomaker_warehouse_DeskC_01/model.sdf
[0.978s] -- Up-to-date symlink: /home/rajana/GSoC/my_robot_ws/install/my_robot/share/my_robot//models/aws_robomaker_warehouse_GroundB_01/materials/textures/aws_robomaker_warehouse_GroundB_01.png
[0.979s] -- Up-to-date symlink: /home/rajana/GSoC/my_robot_ws/install/my_robot/share/my_robot//models/aws_robomaker_warehouse_GroundB_01/materials/textures/aws_robomaker_warehouse_GroundB_02.png
[0.979s] -- Up-to-date symlink: /home/rajana/GSoC/my_robot_ws/install/my_robot/share/my_robot//models/aws_robomaker_warehouse_GroundB_01/meshes/aws_robomaker_warehouse_GroundB_01_collision.DAE
[0.979s] -- Up-to-date symlink: /home/rajana/GSoC/my_robot_ws/install/my_robot/share/my_robot//models/aws_robomaker_warehouse_GroundB_01/meshes/aws_robomaker_warehouse_GroundB_01_visual.DAE
[0.979s] -- Up-to-date symlink: /home/rajana/GSoC/my_robot_ws/install/my_robot/share/my_robot//models/aws_robomaker_warehouse_GroundB_01/model.config
[0.979s] -- Up-to-date symlink: /home/rajana/GSoC/my_robot_ws/install/my_robot/share/my_robot//models/aws_robomaker_warehouse_GroundB_01/model.sdf
[0.979s] -- Up-to-date symlink: /home/rajana/GSoC/my_robot_ws/install/my_robot/share/my_robot//models/aws_robomaker_warehouse_Lamp_01/materials/textures/aws_robomaker_warehouse_Lamp_01.png
[0.979s] -- Up-to-date symlink: /home/rajana/GSoC/my_robot_ws/install/my_robot/share/my_robot//models/aws_robomaker_warehouse_Lamp_01/meshes/aws_robomaker_warehouse_Lamp_01_collision.DAE
[0.980s] -- Up-to-date symlink: /home/rajana/GSoC/my_robot_ws/install/my_robot/share/my_robot//models/aws_robomaker_warehouse_Lamp_01/meshes/aws_robomaker_warehouse_Lamp_01_visual.DAE
[0.980s] -- Up-to-date symlink: /home/rajana/GSoC/my_robot_ws/install/my_robot/share/my_robot//models/aws_robomaker_warehouse_Lamp_01/model.config
[0.980s] -- Up-to-date symlink: /home/rajana/GSoC/my_robot_ws/install/my_robot/share/my_robot//models/aws_robomaker_warehouse_Lamp_01/model.sdf
[0.980s] -- Up-to-date symlink: /home/rajana/GSoC/my_robot_ws/install/my_robot/share/my_robot//models/aws_robomaker_warehouse_PalletJackB_01/.DS_Store
[0.980s] -- Up-to-date symlink: /home/rajana/GSoC/my_robot_ws/install/my_robot/share/my_robot//models/aws_robomaker_warehouse_PalletJackB_01/materials/.DS_Store
[0.980s] -- Up-to-date symlink: /home/rajana/GSoC/my_robot_ws/install/my_robot/share/my_robot//models/aws_robomaker_warehouse_PalletJackB_01/materials/textures/aws_robomaker_warehouse_PalletJackB_01.png
[0.980s] -- Up-to-date symlink: /home/rajana/GSoC/my_robot_ws/install/my_robot/share/my_robot//models/aws_robomaker_warehouse_PalletJackB_01/materials/textures/aws_robomaker_warehouse_PalletJackB_02.png
[0.980s] -- Up-to-date symlink: /home/rajana/GSoC/my_robot_ws/install/my_robot/share/my_robot//models/aws_robomaker_warehouse_PalletJackB_01/meshes/aws_robomaker_warehouse_PalletJackB_01_collision.DAE
[0.981s] -- Up-to-date symlink: /home/rajana/GSoC/my_robot_ws/install/my_robot/share/my_robot//models/aws_robomaker_warehouse_PalletJackB_01/meshes/aws_robomaker_warehouse_PalletJackB_01_visual.DAE
[0.981s] -- Up-to-date symlink: /home/rajana/GSoC/my_robot_ws/install/my_robot/share/my_robot//models/aws_robomaker_warehouse_PalletJackB_01/model.config
[0.981s] -- Up-to-date symlink: /home/rajana/GSoC/my_robot_ws/install/my_robot/share/my_robot//models/aws_robomaker_warehouse_PalletJackB_01/model.sdf
[0.981s] -- Up-to-date symlink: /home/rajana/GSoC/my_robot_ws/install/my_robot/share/my_robot//models/aws_robomaker_warehouse_RoofB_01/materials/textures/aws_robomaker_warehouse_RoofB_01.png
[0.981s] -- Up-to-date symlink: /home/rajana/GSoC/my_robot_ws/install/my_robot/share/my_robot//models/aws_robomaker_warehouse_RoofB_01/meshes/aws_robomaker_warehouse_RoofB_01_collision.DAE
[0.981s] -- Up-to-date symlink: /home/rajana/GSoC/my_robot_ws/install/my_robot/share/my_robot//models/aws_robomaker_warehouse_RoofB_01/meshes/aws_robomaker_warehouse_RoofB_01_visual.DAE
[0.981s] -- Up-to-date symlink: /home/rajana/GSoC/my_robot_ws/install/my_robot/share/my_robot//models/aws_robomaker_warehouse_RoofB_01/model.config
[0.981s] -- Up-to-date symlink: /home/rajana/GSoC/my_robot_ws/install/my_robot/share/my_robot//models/aws_robomaker_warehouse_RoofB_01/model.sdf
[0.982s] -- Up-to-date symlink: /home/rajana/GSoC/my_robot_ws/install/my_robot/share/my_robot//models/aws_robomaker_warehouse_ShelfD_01/materials/textures/aws_robomaker_warehouse_ShelfD_01.png
[0.982s] -- Up-to-date symlink: /home/rajana/GSoC/my_robot_ws/install/my_robot/share/my_robot//models/aws_robomaker_warehouse_ShelfD_01/materials/textures/aws_robomaker_warehouse_ShelfD_02.png
[0.982s] -- Up-to-date symlink: /home/rajana/GSoC/my_robot_ws/install/my_robot/share/my_robot//models/aws_robomaker_warehouse_ShelfD_01/materials/textures/aws_robomaker_warehouse_ShelfD_03.png
[0.982s] -- Up-to-date symlink: /home/rajana/GSoC/my_robot_ws/install/my_robot/share/my_robot//models/aws_robomaker_warehouse_ShelfD_01/materials/textures/aws_robomaker_warehouse_ShelfD_04.png
[0.982s] -- Up-to-date symlink: /home/rajana/GSoC/my_robot_ws/install/my_robot/share/my_robot//models/aws_robomaker_warehouse_ShelfD_01/meshes/aws_robomaker_warehouse_ShelfD_01_collision.DAE
[0.982s] -- Up-to-date symlink: /home/rajana/GSoC/my_robot_ws/install/my_robot/share/my_robot//models/aws_robomaker_warehouse_ShelfD_01/meshes/aws_robomaker_warehouse_ShelfD_01_visual.DAE
[0.982s] -- Up-to-date symlink: /home/rajana/GSoC/my_robot_ws/install/my_robot/share/my_robot//models/aws_robomaker_warehouse_ShelfD_01/model.config
[0.982s] -- Up-to-date symlink: /home/rajana/GSoC/my_robot_ws/install/my_robot/share/my_robot//models/aws_robomaker_warehouse_ShelfD_01/model.sdf
[0.983s] -- Up-to-date symlink: /home/rajana/GSoC/my_robot_ws/install/my_robot/share/my_robot//models/aws_robomaker_warehouse_ShelfE_01/.DS_Store
[0.983s] -- Up-to-date symlink: /home/rajana/GSoC/my_robot_ws/install/my_robot/share/my_robot//models/aws_robomaker_warehouse_ShelfE_01/materials/.DS_Store
[0.983s] -- Up-to-date symlink: /home/rajana/GSoC/my_robot_ws/install/my_robot/share/my_robot//models/aws_robomaker_warehouse_ShelfE_01/materials/textures/aws_robomaker_warehouse_ShelfE_01.png
[0.983s] -- Up-to-date symlink: /home/rajana/GSoC/my_robot_ws/install/my_robot/share/my_robot//models/aws_robomaker_warehouse_ShelfE_01/materials/textures/aws_robomaker_warehouse_ShelfE_02.png
[0.983s] -- Up-to-date symlink: /home/rajana/GSoC/my_robot_ws/install/my_robot/share/my_robot//models/aws_robomaker_warehouse_ShelfE_01/materials/textures/aws_robomaker_warehouse_ShelfE_03.png
[0.983s] -- Up-to-date symlink: /home/rajana/GSoC/my_robot_ws/install/my_robot/share/my_robot//models/aws_robomaker_warehouse_ShelfE_01/materials/textures/aws_robomaker_warehouse_ShelfE_04.png
[0.983s] -- Up-to-date symlink: /home/rajana/GSoC/my_robot_ws/install/my_robot/share/my_robot//models/aws_robomaker_warehouse_ShelfE_01/meshes/aws_robomaker_warehouse_ShelfE_01_collision.DAE
[0.984s] -- Up-to-date symlink: /home/rajana/GSoC/my_robot_ws/install/my_robot/share/my_robot//models/aws_robomaker_warehouse_ShelfE_01/meshes/aws_robomaker_warehouse_ShelfE_01_visual.DAE
[0.984s] -- Up-to-date symlink: /home/rajana/GSoC/my_robot_ws/install/my_robot/share/my_robot//models/aws_robomaker_warehouse_ShelfE_01/model.config
[0.984s] -- Up-to-date symlink: /home/rajana/GSoC/my_robot_ws/install/my_robot/share/my_robot//models/aws_robomaker_warehouse_ShelfE_01/model.sdf
[0.984s] -- Up-to-date symlink: /home/rajana/GSoC/my_robot_ws/install/my_robot/share/my_robot//models/aws_robomaker_warehouse_ShelfF_01/materials/textures/aws_robomaker_warehouse_ShelfF_01.png
[0.984s] -- Up-to-date symlink: /home/rajana/GSoC/my_robot_ws/install/my_robot/share/my_robot//models/aws_robomaker_warehouse_ShelfF_01/materials/textures/aws_robomaker_warehouse_ShelfF_02.png
[0.984s] -- Up-to-date symlink: /home/rajana/GSoC/my_robot_ws/install/my_robot/share/my_robot//models/aws_robomaker_warehouse_ShelfF_01/materials/textures/aws_robomaker_warehouse_ShelfF_03.png
[0.984s] -- Up-to-date symlink: /home/rajana/GSoC/my_robot_ws/install/my_robot/share/my_robot//models/aws_robomaker_warehouse_ShelfF_01/meshes/aws_robomaker_warehouse_ShelfF_01_collision.DAE
[0.984s] -- Up-to-date symlink: /home/rajana/GSoC/my_robot_ws/install/my_robot/share/my_robot//models/aws_robomaker_warehouse_ShelfF_01/meshes/aws_robomaker_warehouse_ShelfF_01_visual.DAE
[0.985s] -- Up-to-date symlink: /home/rajana/GSoC/my_robot_ws/install/my_robot/share/my_robot//models/aws_robomaker_warehouse_ShelfF_01/model.config
[0.985s] -- Up-to-date symlink: /home/rajana/GSoC/my_robot_ws/install/my_robot/share/my_robot//models/aws_robomaker_warehouse_ShelfF_01/model.sdf
[0.985s] -- Up-to-date symlink: /home/rajana/GSoC/my_robot_ws/install/my_robot/share/my_robot//models/aws_robomaker_warehouse_TrashCanC_01/materials/textures/aws_robomaker_warehouse_TrashCanC_01.png
[0.985s] -- Up-to-date symlink: /home/rajana/GSoC/my_robot_ws/install/my_robot/share/my_robot//models/aws_robomaker_warehouse_TrashCanC_01/meshes/aws_robomaker_warehouse_TrashCanC_01_collision.DAE
[0.985s] -- Up-to-date symlink: /home/rajana/GSoC/my_robot_ws/install/my_robot/share/my_robot//models/aws_robomaker_warehouse_TrashCanC_01/meshes/aws_robomaker_warehouse_TrashCanC_01_visual.DAE
[0.985s] -- Up-to-date symlink: /home/rajana/GSoC/my_robot_ws/install/my_robot/share/my_robot//models/aws_robomaker_warehouse_TrashCanC_01/model.config
[0.985s] -- Up-to-date symlink: /home/rajana/GSoC/my_robot_ws/install/my_robot/share/my_robot//models/aws_robomaker_warehouse_TrashCanC_01/model.sdf
[0.985s] -- Up-to-date symlink: /home/rajana/GSoC/my_robot_ws/install/my_robot/share/my_robot//models/aws_robomaker_warehouse_WallB_01/materials/textures/aws_robomaker_warehouse_WallB_01.png
[0.986s] -- Up-to-date symlink: /home/rajana/GSoC/my_robot_ws/install/my_robot/share/my_robot//models/aws_robomaker_warehouse_WallB_01/meshes/aws_robomaker_warehouse_WallB_01_collision.DAE
[0.986s] -- Up-to-date symlink: /home/rajana/GSoC/my_robot_ws/install/my_robot/share/my_robot//models/aws_robomaker_warehouse_WallB_01/meshes/aws_robomaker_warehouse_WallB_01_visual.DAE
[0.986s] -- Up-to-date symlink: /home/rajana/GSoC/my_robot_ws/install/my_robot/share/my_robot//models/aws_robomaker_warehouse_WallB_01/model.config
[0.986s] -- Up-to-date symlink: /home/rajana/GSoC/my_robot_ws/install/my_robot/share/my_robot//models/aws_robomaker_warehouse_WallB_01/model.sdf
[0.986s] -- Up-to-date symlink: /home/rajana/GSoC/my_robot_ws/install/my_robot/share/my_robot//urdf/gz.xacro
[0.986s] -- Up-to-date symlink: /home/rajana/GSoC/my_robot_ws/install/my_robot/share/my_robot//urdf/macros.xacro
[0.986s] -- Up-to-date symlink: /home/rajana/GSoC/my_robot_ws/install/my_robot/share/my_robot//urdf/materials.xacro
[0.987s] -- Up-to-date symlink: /home/rajana/GSoC/my_robot_ws/install/my_robot/share/my_robot//urdf/my_robot.xacro
[0.987s] -- Up-to-date symlink: /home/rajana/GSoC/my_robot_ws/install/my_robot/share/my_robot//worlds/empty.sdf
[0.987s] -- Up-to-date symlink: /home/rajana/GSoC/my_robot_ws/install/my_robot/share/my_robot//worlds/small_warehouse.sdf
[0.987s] -- Up-to-date symlink: /home/rajana/GSoC/my_robot_ws/install/my_robot/share/my_robot//rviz/entire_setup.rviz
[0.987s] -- Up-to-date symlink: /home/rajana/GSoC/my_robot_ws/install/my_robot/share/ament_index/resource_index/package_run_dependencies/my_robot
[1.080s] -- Up-to-date symlink: /home/rajana/GSoC/my_robot_ws/install/my_robot/share/ament_index/resource_index/parent_prefix_path/my_robot
[1.081s] -- Up-to-date symlink: /home/rajana/GSoC/my_robot_ws/install/my_robot/share/my_robot/environment/ament_prefix_path.sh
[1.081s] -- Up-to-date symlink: /home/rajana/GSoC/my_robot_ws/install/my_robot/share/my_robot/environment/ament_prefix_path.dsv
[1.082s] -- Up-to-date symlink: /home/rajana/GSoC/my_robot_ws/install/my_robot/share/my_robot/environment/path.sh
[1.082s] -- Up-to-date symlink: /home/rajana/GSoC/my_robot_ws/install/my_robot/share/my_robot/environment/path.dsv
[1.083s] -- Up-to-date symlink: /home/rajana/GSoC/my_robot_ws/install/my_robot/share/my_robot/local_setup.bash
[1.083s] -- Up-to-date symlink: /home/rajana/GSoC/my_robot_ws/install/my_robot/share/my_robot/local_setup.sh
[1.084s] -- Up-to-date symlink: /home/rajana/GSoC/my_robot_ws/install/my_robot/share/my_robot/local_setup.zsh
[1.084s] -- Up-to-date symlink: /home/rajana/GSoC/my_robot_ws/install/my_robot/share/my_robot/local_setup.dsv
[1.084s] -- Symlinking: /home/rajana/GSoC/my_robot_ws/install/my_robot/share/my_robot/package.dsv
[1.099s] -- Up-to-date symlink: /home/rajana/GSoC/my_robot_ws/install/my_robot/share/ament_index/resource_index/packages/my_robot
[1.100s] -- Up-to-date symlink: /home/rajana/GSoC/my_robot_ws/install/my_robot/share/my_robot/cmake/my_robotConfig.cmake
[1.100s] -- Up-to-date symlink: /home/rajana/GSoC/my_robot_ws/install/my_robot/share/my_robot/cmake/my_robotConfig-version.cmake
[1.100s] -- Up-to-date symlink: /home/rajana/GSoC/my_robot_ws/install/my_robot/share/my_robot/package.xml
[1.102s] Invoked command in '/home/rajana/GSoC/my_robot_ws/build/my_robot' returned '0': CMAKE_PREFIX_PATH=${CMAKE_PREFIX_PATH}:/opt/ros/humble /usr/bin/cmake --install /home/rajana/GSoC/my_robot_ws/build/my_robot
